INFO start
ERROR disk full
INFO ok
ERROR timeout
WARNING low mem
ERROR crash
